2025-11-22 10:39:06 - INFO - __main__ - Pipeline executado com sucesso.
2025-11-22 10:39:18 - ERROR - __main__ - Falha na execução do pipeline.
Traceback (most recent call last):
  File "C:\projetos_de_programacao\pipeline dados\index.py", line 74, in fetch_data
    response.raise_for_status()
    ~~~~~~~~~~~~~~~~~~~~~~~~~^^
  File "C:\projetos_de_programacao\pipeline dados\venv\Lib\site-packages\requests\models.py", line 1026, in raise_for_status
    raise HTTPError(http_error_msg, response=self)
requests.exceptions.HTTPError: 404 Client Error: Not Found for url: https://api.coinbase.com/v2/prices/BTC-USD/spo

The above exception was the direct cause of the following exception:

Traceback (most recent call last):
  File "C:\projetos_de_programacao\pipeline dados\index.py", line 186, in run_pipeline
    raw_data = fetch_data()
  File "C:\projetos_de_programacao\pipeline dados\index.py", line 78, in fetch_data
    raise RuntimeError("Erro ao se comunicar com a API Coinbase.") from exc
RuntimeError: Erro ao se comunicar com a API Coinbase.
2025-11-22 10:39:22 - ERROR - __main__ - Erro ao enviar alerta por e-mail: (535, b'5.7.8 Username and Password not accepted. For more information, go to\n5.7.8  https://support.google.com/mail/?p=BadCredentials 5a478bee46e88-2a6fc5b122dsm31056799eec.5 - gsmtp')
2025-11-22 10:39:53 - ERROR - __main__ - Falha na execução do pipeline.
Traceback (most recent call last):
  File "C:\projetos_de_programacao\pipeline dados\index.py", line 74, in fetch_data
    response.raise_for_status()
    ~~~~~~~~~~~~~~~~~~~~~~~~~^^
  File "C:\projetos_de_programacao\pipeline dados\venv\Lib\site-packages\requests\models.py", line 1026, in raise_for_status
    raise HTTPError(http_error_msg, response=self)
requests.exceptions.HTTPError: 404 Client Error: Not Found for url: https://api.coinbase.com/v2/prices/BTC-USD/spo

The above exception was the direct cause of the following exception:

Traceback (most recent call last):
  File "C:\projetos_de_programacao\pipeline dados\index.py", line 186, in run_pipeline
    raw_data = fetch_data()
  File "C:\projetos_de_programacao\pipeline dados\index.py", line 78, in fetch_data
    raise RuntimeError("Erro ao se comunicar com a API Coinbase.") from exc
RuntimeError: Erro ao se comunicar com a API Coinbase.
2025-11-22 10:39:57 - INFO - __main__ - Alerta de falha enviado para anonymousweb078@gmail.com.
2025-11-22 15:51:09 - INFO - pipeline.pipeline - Pipeline executado com sucesso.
2025-11-22 15:51:12 - INFO - pipeline.pipeline - Pipeline executado com sucesso.
2025-11-22 15:51:30 - INFO - pipeline.pipeline - Pipeline executado com sucesso.
2025-11-22 15:53:40 - INFO - pipeline.pipeline - Pipeline executado com sucesso.
2025-11-22 15:54:27 - INFO - pipeline.pipeline - Pipeline executado com sucesso.
